******************************************************************************
                  MSP430 Linker PC v4.3.3                      
******************************************************************************
>> Linked Mon Jul 06 12:52:25 2015

OUTPUT FILE NAME:   <aaa_buildfrozero tx.out>
ENTRY POINT SYMBOL: "_c_int00"  address: 0000cb32


MEMORY CONFIGURATION

         name            origin    length      used     unused   attr    fill
----------------------  --------  ---------  --------  --------  ----  --------
  SFR                   00000000   00000010  00000000  00000010  RWIX
  PERIPHERALS_8BIT      00000010   000000f0  00000000  000000f0  RWIX
  PERIPHERALS_16BIT     00000100   00000100  00000000  00000100  RWIX
  RAM                   00000200   00000200  0000009f  00000161  RWIX
  INFOD                 00001000   00000040  00000000  00000040  RWIX
  INFOC                 00001040   00000040  00000000  00000040  RWIX
  INFOB                 00001080   00000040  00000000  00000040  RWIX
  INFOA                 000010c0   00000040  00000000  00000040  RWIX
  FLASH                 0000c000   00003fe0  00000cb6  0000332a  RWIX
  INT00                 0000ffe0   00000002  00000000  00000002  RWIX
  INT01                 0000ffe2   00000002  00000000  00000002  RWIX
  INT02                 0000ffe4   00000002  00000002  00000000  RWIX
  INT03                 0000ffe6   00000002  00000002  00000000  RWIX
  INT04                 0000ffe8   00000002  00000000  00000002  RWIX
  INT05                 0000ffea   00000002  00000002  00000000  RWIX
  INT06                 0000ffec   00000002  00000002  00000000  RWIX
  INT07                 0000ffee   00000002  00000002  00000000  RWIX
  INT08                 0000fff0   00000002  00000002  00000000  RWIX
  INT09                 0000fff2   00000002  00000002  00000000  RWIX
  INT10                 0000fff4   00000002  00000002  00000000  RWIX
  INT11                 0000fff6   00000002  00000002  00000000  RWIX
  INT12                 0000fff8   00000002  00000002  00000000  RWIX
  INT13                 0000fffa   00000002  00000002  00000000  RWIX
  INT14                 0000fffc   00000002  00000002  00000000  RWIX
  RESET                 0000fffe   00000002  00000002  00000000  RWIX


SECTION ALLOCATION MAP

 output                                  attributes/
section   page    origin      length       input sections
--------  ----  ----------  ----------   ----------------
.init_array 
*          0    0000c000    00000000     UNINITIALIZED

.bss       0    00000200    00000038     UNINITIALIZED
                  00000200    00000014     (.common:test)
                  00000214    00000012     (.common:buffer)
                  00000226    00000006     (.common:str1)
                  0000022c    00000002     (.common:p)
                  0000022e    00000002     (.common:x)
                  00000230    00000002     (.common:y)
                  00000232    00000001     (.common:c_lower_byte)
                  00000233    00000001     (.common:c_upper_byte)
                  00000234    00000001     (.common:x_lower_byte)
                  00000235    00000001     (.common:x_upper_byte)
                  00000236    00000001     (.common:y_lower_byte)
                  00000237    00000001     (.common:y_upper_byte)

.TI.noinit 
*          0    00000200    00000000     UNINITIALIZED

.data      0    00000238    00000017     UNINITIALIZED
                  00000238    0000000e     rx.obj (.data)
                  00000246    00000006     rx.obj (.data:rxBuffer)
                  0000024c    00000001     CC1100-CC2500.obj (.data)
                  0000024d    00000001     --HOLE--
                  0000024e    00000001     CC1100-CC2500.obj (.data:paTable)

.TI.persistent 
*          0    00000238    00000000     UNINITIALIZED

.stack     0    000003b0    00000050     UNINITIALIZED
                  000003b0    00000002     rts430_eabi.lib : boot.obj (.stack)
                  000003b2    0000004e     --HOLE--

.text      0    0000c000    00000bdc     
                  0000c000    0000046c     rx.obj (.text:main)
                  0000c46c    0000021c     CC1100-CC2500.obj (.text:writeRFSettings)
                  0000c688    0000008a     rx.obj (.text:number)
                  0000c712    00000068     CC1100-CC2500.obj (.text:RFReceivePacket)
                  0000c77a    00000060     TI_CC_spi.obj (.text:TI_CC_SPIReadBurstReg)
                  0000c7da    0000005e     rts430_eabi.lib : copy_decompress_rle.obj (.text:__TI_decompress_rle_core)
                  0000c838    0000005e                     : autoinit.obj (.text:_auto_init)
                  0000c896    0000004a     rx.obj (.text:SendByte)
                  0000c8e0    00000040     TI_CC_spi.obj (.text:TI_CC_SPIWriteBurstReg)
                  0000c920    0000003e     rx.obj (.text:InitializeLcm)
                  0000c95e    00000038     rx.obj (.text:PulseLcm)
                  0000c996    00000036     TI_CC_spi.obj (.text:TI_CC_SPISetup)
                  0000c9cc    00000032     TI_CC_spi.obj (.text:TI_CC_PowerupResetCCxxxx)
                  0000c9fe    00000030     TI_CC_spi.obj (.text:TI_CC_SPIReadReg)
                  0000ca2e    00000030     TI_CC_spi.obj (.text:TI_CC_SPIReadStatus)
                  0000ca5e    0000002c     rts430_eabi.lib : div16s.obj (.text)
                  0000ca8a    0000002c                     : lsl16.obj (.text)
                  0000cab6    00000028     TI_CC_spi.obj (.text:TI_CC_SPIWriteReg)
                  0000cade    0000001e     TI_CC_spi.obj (.text:TI_CC_SPIStrobe)
                  0000cafc    0000001c     rx.obj (.text:LcmSetCursorPosition)
                  0000cb18    0000001a     rx.obj (.text:PrintStr)
                  0000cb32    0000001a     rts430_eabi.lib : boot.obj (.text:_c_int00_noexit)
                  0000cb4c    00000016                     : div16u.obj (.text)
                  0000cb62    00000014                     : copy_zero_init.obj (.text:decompress:ZI:__TI_zero_init)
                  0000cb76    00000012                     : copy_decompress_none.obj (.text:decompress:none:__TI_decompress_none)
                  0000cb88    00000012                     : memcpy.obj (.text:memcpy)
                  0000cb9a    00000010     rx.obj (.text:ClearLcmScreen)
                  0000cbaa    00000010     rts430_eabi.lib : epilog.obj (.text)
                  0000cbba    0000000e     rx.obj (.text:lcd_delay)
                  0000cbc8    00000006     rts430_eabi.lib : isr_trap.obj (.text:__TI_ISR_TRAP)
                  0000cbce    00000006                     : copy_decompress_rle.obj (.text:decompress:rle24:__TI_decompress_rle24)
                  0000cbd4    00000004                     : pre_init.obj (.text:_system_pre_init)
                  0000cbd8    00000004                     : exit.obj (.text:abort)

.const     0    0000cbdc    000000ba     
                  0000cbdc    000000ba     rx.obj (.const:.string)

.cinit     0    0000cc96    00000020     
                  0000cc96    0000000d     (.cinit..data.load) [load image, compression = rle]
                  0000cca3    00000001     --HOLE-- [fill = 0]
                  0000cca4    00000006     (__TI_handler_table)
                  0000ccaa    00000004     (.cinit..bss.load) [load image, compression = zero_init]
                  0000ccae    00000008     (__TI_cinit_table)

PORT1      0    0000ffe4    00000002     
                  0000ffe4    00000002     rts430_eabi.lib : int02.obj (.int02)

PORT2      0    0000ffe6    00000002     
                  0000ffe6    00000002     rts430_eabi.lib : int03.obj (.int03)

ADC10      0    0000ffea    00000002     
                  0000ffea    00000002     rts430_eabi.lib : int05.obj (.int05)

USCIAB0TX 
*          0    0000ffec    00000002     
                  0000ffec    00000002     rts430_eabi.lib : int06.obj (.int06)

USCIAB0RX 
*          0    0000ffee    00000002     
                  0000ffee    00000002     rts430_eabi.lib : int07.obj (.int07)

TIMER0_A1 
*          0    0000fff0    00000002     
                  0000fff0    00000002     rts430_eabi.lib : int08.obj (.int08)

TIMER0_A0 
*          0    0000fff2    00000002     
                  0000fff2    00000002     rts430_eabi.lib : int09.obj (.int09)

WDT        0    0000fff4    00000002     
                  0000fff4    00000002     rts430_eabi.lib : int10.obj (.int10)

COMPARATORA 
*          0    0000fff6    00000002     
                  0000fff6    00000002     rts430_eabi.lib : int11.obj (.int11)

TIMER1_A1 
*          0    0000fff8    00000002     
                  0000fff8    00000002     rts430_eabi.lib : int12.obj (.int12)

TIMER1_A0 
*          0    0000fffa    00000002     
                  0000fffa    00000002     rts430_eabi.lib : int13.obj (.int13)

NMI        0    0000fffc    00000002     
                  0000fffc    00000002     rts430_eabi.lib : int14.obj (.int14)

.reset     0    0000fffe    00000002     
                  0000fffe    00000002     rts430_eabi.lib : boot.obj (.reset)


LINKER GENERATED COPY TABLES

__TI_cinit_table @ 0000ccae records: 2, size/record: 4, table size: 8
	.data: load addr=0000cc96, load size=0000000d bytes, run addr=00000238, run size=00000017 bytes, compression=rle
	.bss: load addr=0000ccaa, load size=00000004 bytes, run addr=00000200, run size=00000038 bytes, compression=zero_init


LINKER GENERATED HANDLER TABLE

__TI_handler_table @ 0000cca4 records: 3, size/record: 2, table size: 6
	index: 0, handler: __TI_zero_init
	index: 1, handler: __TI_decompress_rle24
	index: 2, handler: __TI_decompress_none


GLOBAL SYMBOLS: SORTED ALPHABETICALLY BY Name 

address    name
--------   ----
0000004a   ADC10AE0
000001b0   ADC10CTL0
000001b2   ADC10CTL1
00000048   ADC10DTC0
00000049   ADC10DTC1
000001b4   ADC10MEM
000001bc   ADC10SA
00000057   BCSCTL1
00000058   BCSCTL2
00000053   BCSCTL3
0000cbd8   C$$EXIT
00000059   CACTL1
0000005a   CACTL2
000010fb   CALBC1_12MHZ
000010f9   CALBC1_16MHZ
000010ff   CALBC1_1MHZ
000010fd   CALBC1_8MHZ
000010fa   CALDCO_12MHZ
000010f8   CALDCO_16MHZ
000010fe   CALDCO_1MHZ
000010fc   CALDCO_8MHZ
0000005b   CAPD
0000cb9a   ClearLcmScreen
00000056   DCOCTL
00000128   FCTL1
0000012a   FCTL2
0000012c   FCTL3
00000000   IE1
00000001   IE2
00000002   IFG1
00000003   IFG2
0000c920   InitializeLcm
0000cafc   LcmSetCursorPosition
00000022   P1DIR
00000025   P1IE
00000024   P1IES
00000023   P1IFG
00000020   P1IN
00000021   P1OUT
00000027   P1REN
00000026   P1SEL
00000041   P1SEL2
0000002a   P2DIR
0000002d   P2IE
0000002c   P2IES
0000002b   P2IFG
00000028   P2IN
00000029   P2OUT
0000002f   P2REN
0000002e   P2SEL
00000042   P2SEL2
0000001a   P3DIR
00000018   P3IN
00000019   P3OUT
00000010   P3REN
0000001b   P3SEL
00000043   P3SEL2
0000cb18   PrintStr
0000c95e   PulseLcm
0000c712   RFReceivePacket
0000c896   SendByte
00000172   TA0CCR0
00000174   TA0CCR1
00000176   TA0CCR2
00000162   TA0CCTL0
00000164   TA0CCTL1
00000166   TA0CCTL2
00000160   TA0CTL
0000012e   TA0IV
00000170   TA0R
00000192   TA1CCR0
00000194   TA1CCR1
00000196   TA1CCR2
00000182   TA1CCTL0
00000184   TA1CCTL1
00000186   TA1CCTL2
00000180   TA1CTL
0000011e   TA1IV
00000190   TA1R
0000c9cc   TI_CC_PowerupResetCCxxxx
0000c77a   TI_CC_SPIReadBurstReg
0000c9fe   TI_CC_SPIReadReg
0000ca2e   TI_CC_SPIReadStatus
0000c996   TI_CC_SPISetup
0000cade   TI_CC_SPIStrobe
0000c8e0   TI_CC_SPIWriteBurstReg
0000cab6   TI_CC_SPIWriteReg
000010db   TLV_ADC10_1_LEN
000010da   TLV_ADC10_1_TAG
000010c0   TLV_CHECKSUM
000010f7   TLV_DCO_30_LEN
000010f6   TLV_DCO_30_TAG
0000005d   UCA0ABCTL
00000062   UCA0BR0
00000063   UCA0BR1
00000060   UCA0CTL0
00000061   UCA0CTL1
0000005f   UCA0IRRCTL
0000005e   UCA0IRTCTL
00000064   UCA0MCTL
00000066   UCA0RXBUF
00000065   UCA0STAT
00000067   UCA0TXBUF
0000006a   UCB0BR0
0000006b   UCB0BR1
00000068   UCB0CTL0
00000069   UCB0CTL1
0000006c   UCB0I2CIE
00000118   UCB0I2COA
0000011a   UCB0I2CSA
0000006e   UCB0RXBUF
0000006d   UCB0STAT
0000006f   UCB0TXBUF
00000120   WDTCTL
00000400   __STACK_END
00000050   __STACK_SIZE
0000ccae   __TI_CINIT_Base
0000ccb6   __TI_CINIT_Limit
0000cca4   __TI_Handler_Table_Base
0000ccaa   __TI_Handler_Table_Limit
UNDEFED    __TI_INITARRAY_Base
UNDEFED    __TI_INITARRAY_Limit
0000cbc8   __TI_ISR_TRAP
00000001   __TI_args_main
0000cb76   __TI_decompress_none
0000cbce   __TI_decompress_rle24
00000001   __TI_exit
0000ffe4   __TI_int02
0000ffe6   __TI_int03
0000ffea   __TI_int05
0000ffec   __TI_int06
0000ffee   __TI_int07
0000fff0   __TI_int08
0000fff2   __TI_int09
0000fff4   __TI_int10
0000fff6   __TI_int11
0000fff8   __TI_int12
0000fffa   __TI_int13
0000fffc   __TI_int14
0000cb62   __TI_zero_init
ffffffff   __binit__
ffffffff   __c_args__
0000ca5e   __mspabi_divi
0000cb4c   __mspabi_divu
0000cbb6   __mspabi_func_epilog_1
0000cbb4   __mspabi_func_epilog_2
0000cbb2   __mspabi_func_epilog_3
0000cbb0   __mspabi_func_epilog_4
0000cbae   __mspabi_func_epilog_5
0000cbac   __mspabi_func_epilog_6
0000cbaa   __mspabi_func_epilog_7
0000ca5e   __mspabi_remi
0000cb4c   __mspabi_remu
0000ca8a   __mspabi_slli
0000cab2   __mspabi_slli_1
0000caa0   __mspabi_slli_10
0000ca9e   __mspabi_slli_11
0000ca9c   __mspabi_slli_12
0000ca9a   __mspabi_slli_13
0000ca98   __mspabi_slli_14
0000ca96   __mspabi_slli_15
0000cab0   __mspabi_slli_2
0000caae   __mspabi_slli_3
0000caac   __mspabi_slli_4
0000caaa   __mspabi_slli_5
0000caa8   __mspabi_slli_6
0000caa6   __mspabi_slli_7
0000caa4   __mspabi_slli_8
0000caa2   __mspabi_slli_9
0000c838   _auto_init
0000cb32   _c_int00
0000cb32   _c_int00_noexit
0000fffe   _reset_vector
000003b0   _stack
0000cbd4   _system_pre_init
0000cbd8   abort
ffffffff   binit
00000214   buffer
0000023e   c
00000232   c_lower_byte
00000233   c_upper_byte
0000023a   i
0000023c   j
0000cbba   lcd_delay
00000238   len
0000c000   main
0000cb88   memcpy
0000c688   number
0000022c   p
0000024e   paTable
0000024c   paTableLen
00000244   range
00000242   rssi_dbm
00000240   rssi_dec
00000246   rxBuffer
00000226   str1
00000200   test
0000c46c   writeRFSettings
0000022e   x
00000234   x_lower_byte
00000235   x_upper_byte
00000230   y
00000236   y_lower_byte
00000237   y_upper_byte


GLOBAL SYMBOLS: SORTED BY Symbol Address 

address    name
--------   ----
00000000   IE1
00000001   IE2
00000001   __TI_args_main
00000001   __TI_exit
00000002   IFG1
00000003   IFG2
00000010   P3REN
00000018   P3IN
00000019   P3OUT
0000001a   P3DIR
0000001b   P3SEL
00000020   P1IN
00000021   P1OUT
00000022   P1DIR
00000023   P1IFG
00000024   P1IES
00000025   P1IE
00000026   P1SEL
00000027   P1REN
00000028   P2IN
00000029   P2OUT
0000002a   P2DIR
0000002b   P2IFG
0000002c   P2IES
0000002d   P2IE
0000002e   P2SEL
0000002f   P2REN
00000041   P1SEL2
00000042   P2SEL2
00000043   P3SEL2
00000048   ADC10DTC0
00000049   ADC10DTC1
0000004a   ADC10AE0
00000050   __STACK_SIZE
00000053   BCSCTL3
00000056   DCOCTL
00000057   BCSCTL1
00000058   BCSCTL2
00000059   CACTL1
0000005a   CACTL2
0000005b   CAPD
0000005d   UCA0ABCTL
0000005e   UCA0IRTCTL
0000005f   UCA0IRRCTL
00000060   UCA0CTL0
00000061   UCA0CTL1
00000062   UCA0BR0
00000063   UCA0BR1
00000064   UCA0MCTL
00000065   UCA0STAT
00000066   UCA0RXBUF
00000067   UCA0TXBUF
00000068   UCB0CTL0
00000069   UCB0CTL1
0000006a   UCB0BR0
0000006b   UCB0BR1
0000006c   UCB0I2CIE
0000006d   UCB0STAT
0000006e   UCB0RXBUF
0000006f   UCB0TXBUF
00000118   UCB0I2COA
0000011a   UCB0I2CSA
0000011e   TA1IV
00000120   WDTCTL
00000128   FCTL1
0000012a   FCTL2
0000012c   FCTL3
0000012e   TA0IV
00000160   TA0CTL
00000162   TA0CCTL0
00000164   TA0CCTL1
00000166   TA0CCTL2
00000170   TA0R
00000172   TA0CCR0
00000174   TA0CCR1
00000176   TA0CCR2
00000180   TA1CTL
00000182   TA1CCTL0
00000184   TA1CCTL1
00000186   TA1CCTL2
00000190   TA1R
00000192   TA1CCR0
00000194   TA1CCR1
00000196   TA1CCR2
000001b0   ADC10CTL0
000001b2   ADC10CTL1
000001b4   ADC10MEM
000001bc   ADC10SA
00000200   test
00000214   buffer
00000226   str1
0000022c   p
0000022e   x
00000230   y
00000232   c_lower_byte
00000233   c_upper_byte
00000234   x_lower_byte
00000235   x_upper_byte
00000236   y_lower_byte
00000237   y_upper_byte
00000238   len
0000023a   i
0000023c   j
0000023e   c
00000240   rssi_dec
00000242   rssi_dbm
00000244   range
00000246   rxBuffer
0000024c   paTableLen
0000024e   paTable
000003b0   _stack
00000400   __STACK_END
000010c0   TLV_CHECKSUM
000010da   TLV_ADC10_1_TAG
000010db   TLV_ADC10_1_LEN
000010f6   TLV_DCO_30_TAG
000010f7   TLV_DCO_30_LEN
000010f8   CALDCO_16MHZ
000010f9   CALBC1_16MHZ
000010fa   CALDCO_12MHZ
000010fb   CALBC1_12MHZ
000010fc   CALDCO_8MHZ
000010fd   CALBC1_8MHZ
000010fe   CALDCO_1MHZ
000010ff   CALBC1_1MHZ
0000c000   main
0000c46c   writeRFSettings
0000c688   number
0000c712   RFReceivePacket
0000c77a   TI_CC_SPIReadBurstReg
0000c838   _auto_init
0000c896   SendByte
0000c8e0   TI_CC_SPIWriteBurstReg
0000c920   InitializeLcm
0000c95e   PulseLcm
0000c996   TI_CC_SPISetup
0000c9cc   TI_CC_PowerupResetCCxxxx
0000c9fe   TI_CC_SPIReadReg
0000ca2e   TI_CC_SPIReadStatus
0000ca5e   __mspabi_divi
0000ca5e   __mspabi_remi
0000ca8a   __mspabi_slli
0000ca96   __mspabi_slli_15
0000ca98   __mspabi_slli_14
0000ca9a   __mspabi_slli_13
0000ca9c   __mspabi_slli_12
0000ca9e   __mspabi_slli_11
0000caa0   __mspabi_slli_10
0000caa2   __mspabi_slli_9
0000caa4   __mspabi_slli_8
0000caa6   __mspabi_slli_7
0000caa8   __mspabi_slli_6
0000caaa   __mspabi_slli_5
0000caac   __mspabi_slli_4
0000caae   __mspabi_slli_3
0000cab0   __mspabi_slli_2
0000cab2   __mspabi_slli_1
0000cab6   TI_CC_SPIWriteReg
0000cade   TI_CC_SPIStrobe
0000cafc   LcmSetCursorPosition
0000cb18   PrintStr
0000cb32   _c_int00
0000cb32   _c_int00_noexit
0000cb4c   __mspabi_divu
0000cb4c   __mspabi_remu
0000cb62   __TI_zero_init
0000cb76   __TI_decompress_none
0000cb88   memcpy
0000cb9a   ClearLcmScreen
0000cbaa   __mspabi_func_epilog_7
0000cbac   __mspabi_func_epilog_6
0000cbae   __mspabi_func_epilog_5
0000cbb0   __mspabi_func_epilog_4
0000cbb2   __mspabi_func_epilog_3
0000cbb4   __mspabi_func_epilog_2
0000cbb6   __mspabi_func_epilog_1
0000cbba   lcd_delay
0000cbc8   __TI_ISR_TRAP
0000cbce   __TI_decompress_rle24
0000cbd4   _system_pre_init
0000cbd8   C$$EXIT
0000cbd8   abort
0000cca4   __TI_Handler_Table_Base
0000ccaa   __TI_Handler_Table_Limit
0000ccae   __TI_CINIT_Base
0000ccb6   __TI_CINIT_Limit
0000ffe4   __TI_int02
0000ffe6   __TI_int03
0000ffea   __TI_int05
0000ffec   __TI_int06
0000ffee   __TI_int07
0000fff0   __TI_int08
0000fff2   __TI_int09
0000fff4   __TI_int10
0000fff6   __TI_int11
0000fff8   __TI_int12
0000fffa   __TI_int13
0000fffc   __TI_int14
0000fffe   _reset_vector
ffffffff   __binit__
ffffffff   __c_args__
ffffffff   binit
UNDEFED    __TI_INITARRAY_Base
UNDEFED    __TI_INITARRAY_Limit

[204 symbols]
